app/_login-reference.tsx(1,1): error TS1434: Unexpected keyword or identifier.
app/_login-reference.tsx(1,3): error TS1434: Unexpected keyword or identifier.
app/_login-reference.tsx(1,8): error TS1434: Unexpected keyword or identifier.
app/_login-reference.tsx(1,17): error TS1434: Unexpected keyword or identifier.
app/_login-reference.tsx(1,21): error TS1434: Unexpected keyword or identifier.
app/_login-reference.tsx(1,26): error TS1434: Unexpected keyword or identifier.
app/_login-reference.tsx(1,37): error TS1434: Unexpected keyword or identifier.
app/_login-reference.tsx(1,40): error TS1434: Unexpected keyword or identifier.
app/_login-reference.tsx(1,44): error TS1434: Unexpected keyword or identifier.
app/_login-reference.tsx(1,51): error TS1434: Unexpected keyword or identifier.
app/_login-reference.tsx(1,60): error TS1434: Unexpected keyword or identifier.
app/_login-reference.tsx(1,65): error TS1434: Unexpected keyword or identifier.
app/_login-reference.tsx(1,110): error TS1005: ';' expected.
app/_login-reference.tsx(1,112): error TS1434: Unexpected keyword or identifier.
app/_login-reference.tsx(1,115): error TS1434: Unexpected keyword or identifier.
app/_login-reference.tsx(1,132): error TS1005: ';' expected.
app/_login-reference.tsx(1,136): error TS1434: Unexpected keyword or identifier.
app/_login-reference.tsx(1,146): error TS1005: '(' expected.
app/_login-reference.tsx(1,148): error TS1005: ')' expected.
app/_login-reference.tsx(1,155): error TS1005: ';' expected.
app/_login-reference.tsx(1,162): error TS1434: Unexpected keyword or identifier.
app/_login-reference.tsx(2,5): error TS1005: ';' expected.
app/_login-reference.tsx(2,19): error TS1005: ';' expected.
app/_login-reference.tsx(3,1): error TS1003: Identifier expected.
app/_login-reference.tsx(3,12): error TS1005: ';' expected.
app/_login-reference.tsx(3,39): error TS1005: ';' expected.
app/_login-reference.tsx(3,42): error TS1443: Module declaration names may only use ' or " quoted strings.
app/_login-reference.tsx(3,58): error TS1434: Unexpected keyword or identifier.
app/_login-reference.tsx(3,64): error TS1434: Unexpected keyword or identifier.
app/_login-reference.tsx(3,72): error TS1434: Unexpected keyword or identifier.
app/_login-reference.tsx(3,77): error TS1434: Unexpected keyword or identifier.
app/_login-reference.tsx(3,82): error TS1434: Unexpected keyword or identifier.
app/_login-reference.tsx(3,94): error TS1002: Unterminated string literal.
app/_login-reference.tsx(4,8): error TS1005: ';' expected.
app/_login-reference.tsx(4,24): error TS1005: ';' expected.
app/_login-reference.tsx(4,50): error TS1005: ';' expected.
app/_login-reference.tsx(4,52): error TS1435: Unknown keyword or identifier. Did you mean 'catch'?
app/_login-reference.tsx(4,58): error TS1434: Unexpected keyword or identifier.
app/_login-reference.tsx(5,1): error TS1003: Identifier expected.
app/_login-reference.tsx(5,12): error TS1005: ';' expected.
app/_login-reference.tsx(5,21): error TS1434: Unexpected keyword or identifier.
app/_login-reference.tsx(5,26): error TS1435: Unknown keyword or identifier. Did you mean 'with out'?
app/_login-reference.tsx(5,34): error TS1434: Unexpected keyword or identifier.
app/_login-reference.tsx(5,42): error TS1434: Unexpected keyword or identifier.
app/_login-reference.tsx(5,44): error TS1434: Unexpected keyword or identifier.
app/_login-reference.tsx(5,53): error TS1434: Unexpected keyword or identifier.
app/_login-reference.tsx(5,56): error TS1434: Unexpected keyword or identifier.
app/_login-reference.tsx(5,59): error TS1434: Unexpected keyword or identifier.
app/_login-reference.tsx(5,70): error TS1005: '(' expected.
app/_login-reference.tsx(5,74): error TS1005: ')' expected.
app/_login-reference.tsx(6,1): error TS1003: Identifier expected.
app/_login-reference.tsx(6,11): error TS1005: ';' expected.
app/_login-reference.tsx(6,16): error TS1434: Unexpected keyword or identifier.
app/_login-reference.tsx(6,28): error TS1003: Identifier expected.
app/_login-reference.tsx(8,1): error TS1434: Unexpected keyword or identifier.
app/_login-reference.tsx(8,4): error TS1434: Unexpected keyword or identifier.
app/_login-reference.tsx(8,8): error TS1434: Unexpected keyword or identifier.
app/_login-reference.tsx(8,13): error TS1434: Unexpected keyword or identifier.
app/_login-reference.tsx(8,23): error TS1005: '(' expected.
app/_login-reference.tsx(8,27): error TS1005: ')' expected.
app/_login-reference.tsx(8,34): error TS1434: Unexpected keyword or identifier.
app/_login-reference.tsx(8,38): error TS1434: Unexpected keyword or identifier.
app/_login-reference.tsx(8,40): error TS1434: Unexpected keyword or identifier.
app/_login-reference.tsx(8,48): error TS1434: Unexpected keyword or identifier.
app/_login-reference.tsx(8,58): error TS1434: Unexpected keyword or identifier.
app/_login-reference.tsx(8,68): error TS1434: Unexpected keyword or identifier.
app/_login-reference.tsx(8,74): error TS1434: Unexpected keyword or identifier.
app/_login-reference.tsx(8,86): error TS1005: '(' expected.
app/_login-reference.tsx(8,90): error TS1005: ')' expected.
app/_login-reference.tsx(8,95): error TS1434: Unexpected keyword or identifier.
app/_login-reference.tsx(8,102): error TS1434: Unexpected keyword or identifier.
app/_login-reference.tsx(8,115): error TS1003: Identifier expected.
app/_login-reference.tsx(10,1): error TS1434: Unexpected keyword or identifier.
app/_login-reference.tsx(10,5): error TS1434: Unexpected keyword or identifier.
app/_login-reference.tsx(10,10): error TS1434: Unexpected keyword or identifier.
app/_login-reference.tsx(13,3): error TS1109: Expression expected.
app/_login-reference.tsx(14,6): error TS17008: JSX element 'LoadingBoundary' has no corresponding closing tag.
app/_login-reference.tsx(15,8): error TS17008: JSX element 'HTTPAccessFallbackBoundary' has no corresponding closing tag.
app/_login-reference.tsx(16,10): error TS17008: JSX element 'RedirectBoundary' has no corresponding closing tag.
app/_login-reference.tsx(17,12): error TS17008: JSX element 'RedirectErrorBoundary' has no corresponding closing tag.
app/_login-reference.tsx(17,46): error TS1109: Expression expected.
app/_login-reference.tsx(18,55): error TS1109: Expression expected.
app/_login-reference.tsx(18,87): error TS17008: JSX element 'Fragment' has no corresponding closing tag.
app/_login-reference.tsx(18,101): error TS1381: Unexpected token. Did you mean `{'}'}` or `&rbrace;`?
app/_login-reference.tsx(18,102): error TS1381: Unexpected token. Did you mean `{'}'}` or `&rbrace;`?
app/_login-reference.tsx(18,107): error TS1382: Unexpected token. Did you mean `{'>'}` or `&gt;`?
app/_login-reference.tsx(19,16): error TS17008: JSX element 'SegmentViewNode' has no corresponding closing tag.
app/_login-reference.tsx(20,18): error TS17008: JSX element 'SegmentTrieNode' has no corresponding closing tag.
app/_login-reference.tsx(21,18): error TS17008: JSX element 'ClientPageRoot' has no corresponding closing tag.
app/_login-reference.tsx(21,62): error TS1005: '(' expected.
app/_login-reference.tsx(21,90): error TS1109: Expression expected.
app/_login-reference.tsx(22,20): error TS17008: JSX element 'LoginPage' has no corresponding closing tag.
app/_login-reference.tsx(23,22): error TS17008: JSX element 'div' has no corresponding closing tag.
app/_login-reference.tsx(24,24): error TS17008: JSX element 'div' has no corresponding closing tag.
app/_login-reference.tsx(25,26): error TS17008: JSX element 'div' has no corresponding closing tag.
app/_login-reference.tsx(26,28): error TS17008: JSX element 'LinkComponent' has no corresponding closing tag.
app/_login-reference.tsx(27,28): error TS17008: JSX element 'div' has no corresponding closing tag.
app/_login-reference.tsx(28,28): error TS17008: JSX element 'form' has no corresponding closing tag.
app/_login-reference.tsx(28,64): error TS1005: '(' expected.
app/_login-reference.tsx(29,30): error TS17008: JSX element 'div' has no corresponding closing tag.
app/_login-reference.tsx(30,32): error TS17008: JSX element 'label' has no corresponding closing tag.
app/_login-reference.tsx(31,99): error TS1003: Identifier expected.
app/_login-reference.tsx(31,102): error TS1382: Unexpected token. Did you mean `{'>'}` or `&gt;`?
app/_login-reference.tsx(39,62): error TS1005: '(' expected.
app/_login-reference.tsx(42,1): error TS1003: Identifier expected.
app/_login-reference.tsx(43,33): error TS1382: Unexpected token. Did you mean `{'>'}` or `&gt;`?
app/_login-reference.tsx(44,30): error TS17008: JSX element 'div' has no corresponding closing tag.
app/_login-reference.tsx(45,32): error TS17008: JSX element 'label' has no corresponding closing tag.
app/_login-reference.tsx(46,32): error TS17008: JSX element 'div' has no corresponding closing tag.
app/_login-reference.tsx(47,99): error TS1003: Identifier expected.
app/_login-reference.tsx(47,102): error TS1382: Unexpected token. Did you mean `{'>'}` or `&gt;`?
app/_login-reference.tsx(55,64): error TS1005: '(' expected.
app/_login-reference.tsx(58,1): error TS1003: Identifier expected.
app/_login-reference.tsx(59,35): error TS1382: Unexpected token. Did you mean `{'>'}` or `&gt;`?
app/_login-reference.tsx(62,28): error TS17008: JSX element 'div' has no corresponding closing tag.
app/_login-reference.tsx(63,30): error TS17008: JSX element 'div' has no corresponding closing tag.
app/_login-reference.tsx(64,30): error TS17008: JSX element 'p' has no corresponding closing tag.
app/_login-reference.tsx(65,30): error TS17008: JSX element 'div' has no corresponding closing tag.
app/_login-reference.tsx(67,58): error TS1005: '(' expected.
app/_login-reference.tsx(69,1): error TS1003: Identifier expected.
app/_login-reference.tsx(70,31): error TS1382: Unexpected token. Did you mean `{'>'}` or `&gt;`?
app/_login-reference.tsx(72,58): error TS1005: '(' expected.
app/_login-reference.tsx(74,1): error TS1003: Identifier expected.
app/_login-reference.tsx(75,31): error TS1382: Unexpected token. Did you mean `{'>'}` or `&gt;`?
app/_login-reference.tsx(85,2): error TS17008: JSX element 'anonymous' has no corresponding closing tag.
app/_login-reference.tsx(88,1): error TS1005: '</' expected.
